{
  "decision": {
    "action": "test",
    "diagnostics": {
      "configured_reserved_cpus": 3.0,
      "maximum_load_one": 14.1708984375,
      "mean_busy_cpu_equivalents": 19.763710418555817
    },
    "marginal_throughput_efficiency_ratio": 0.39101915142080734,
    "projected_headroom_gib": 58.4954345703125,
    "reason": "stable_with_measured_capacity_for_scale_up",
    "selected_workers": null,
    "workers": 27
  },
  "host_gate": {
    "logical_cpus": 32,
    "memory_bytes": 67418746880,
    "storage_free_bytes": 89126293504,
    "storage_total_bytes": 102888095744
  },
  "profile_id": "ferdowsi-32c64g-100gb-v1",
  "protocol_id": "FINAL-5J-v1",
  "purpose": "worker_autotune_engineering_v1",
  "schema_version": 1,
  "scientific_evidence": false,
  "trial": {
    "cpu": {
      "maximum_load_one": 14.1708984375,
      "mean_busy_percent": 61.76159505798693,
      "mean_iowait_percent": 0.697286917313696,
      "mean_load_one": 11.054561220366379,
      "p95_busy_percent": 74.0625,
      "p95_iowait_percent": 2.3422860712054967,
      "p95_load_one": 14.1708984375
    },
    "host": {
      "logical_cpus": 32,
      "sampling_interval_seconds": 1.0
    },
    "memory": {
      "max_worker_rss_bytes": 179384320,
      "minimum_available_bytes": 63426437120,
      "p95_worker_rss_bytes": 171511808,
      "rss_observation_count": 200
    },
    "protocol_id": "FINAL-5J-v1",
    "schema_version": 1,
    "status": "complete",
    "storage": {
      "cache_dir": "/srv/ctsteg/engineering/control-cache-32c64g-v1/workers-24-trial-01",
      "minimum_free_bytes": 89059770368,
      "run_dir": "/srv/ctsteg/engineering/control-runs-32c64g-v1/workers-24-trial-01"
    },
    "swap": {
      "io_bytes": 0,
      "maximum_used_bytes": 0
    },
    "task_selection_sha256": "cc93456f961e5db3dd2e179206e4764a79515ce7a47e00a8e2d7af04773a545c",
    "tasks": {
      "completed": 200,
      "embedding": {
        "completed": 40,
        "failed": 0,
        "planned": 40
      },
      "evaluation": {
        "completed": 160,
        "failed": 0,
        "planned": 160
      },
      "oom_events": 0,
      "operational_failures": 0,
      "planned": 200
    },
    "timing": {
      "combined_tasks_per_hour": 12739.264956874866,
      "embedding_tasks_per_hour": 2547.852991374973,
      "evaluation_tasks_per_hour": 10191.411965499892,
      "wall_seconds": 56.518174513000076
    },
    "trial_sha256": "4f9693a05c5df4de6efb1db30284b8924a9718d8b115df4e73688978dac5170a",
    "workers": 24
  },
  "trial_count": 3,
  "trial_hashes": [
    "82cbb0db17d1663d0109e0f436303eea17532af9589e74e98ae4fe2bec1c9d3f",
    "4b2fa31b5c7df4feb745812f51a42218cb7b2ab2591f0b145c92491cc844d963",
    "4f9693a05c5df4de6efb1db30284b8924a9718d8b115df4e73688978dac5170a"
  ],
  "trial_sha256": "4f9693a05c5df4de6efb1db30284b8924a9718d8b115df4e73688978dac5170a"
}
