{
  "decision": {
    "action": "stop",
    "reason": "selected_worker_confirmation_failed",
    "repeat_difference_percent": 13.58786668614824,
    "selected_workers": null,
    "unsafe_reasons": [],
    "workers": null
  },
  "host_gate": {
    "logical_cpus": 32,
    "memory_bytes": 67418746880,
    "storage_free_bytes": 89017966592,
    "storage_total_bytes": 102888095744
  },
  "profile_id": "ferdowsi-32c64g-100gb-v1",
  "protocol_id": "FINAL-5J-v1",
  "purpose": "worker_autotune_engineering_v1",
  "schema_version": 1,
  "scientific_evidence": false,
  "trial": {
    "cpu": {
      "maximum_load_one": 16.09716796875,
      "mean_busy_percent": 60.73710591508822,
      "mean_iowait_percent": 0.6375358379797321,
      "mean_load_one": 12.455092921401516,
      "p95_busy_percent": 74.19556388628554,
      "p95_iowait_percent": 1.7225180081428124,
      "p95_load_one": 16.09716796875
    },
    "host": {
      "logical_cpus": 32,
      "sampling_interval_seconds": 1.0
    },
    "memory": {
      "max_worker_rss_bytes": 179265536,
      "minimum_available_bytes": 63438688256,
      "p95_worker_rss_bytes": 171585536,
      "rss_observation_count": 200
    },
    "protocol_id": "FINAL-5J-v1",
    "schema_version": 1,
    "status": "complete",
    "storage": {
      "cache_dir": "/srv/ctsteg/engineering/control-cache-32c64g-v1/workers-24-trial-02",
      "minimum_free_bytes": 88952963072,
      "run_dir": "/srv/ctsteg/engineering/control-runs-32c64g-v1/workers-24-trial-02"
    },
    "swap": {
      "io_bytes": 0,
      "maximum_used_bytes": 0
    },
    "task_selection_sha256": "cc93456f961e5db3dd2e179206e4764a79515ce7a47e00a8e2d7af04773a545c",
    "tasks": {
      "completed": 200,
      "embedding": {
        "completed": 40,
        "failed": 0,
        "planned": 40
      },
      "evaluation": {
        "completed": 160,
        "failed": 0,
        "planned": 160
      },
      "oom_events": 0,
      "operational_failures": 0,
      "planned": 200
    },
    "timing": {
      "combined_tasks_per_hour": 11118.391668525648,
      "embedding_tasks_per_hour": 2223.6783337051297,
      "evaluation_tasks_per_hour": 8894.713334820519,
      "wall_seconds": 64.7575675930002
    },
    "trial_sha256": "b8ed6fb2b7238cd62c6951a17c67c1e54434420a989e24016eabb16482080a88",
    "workers": 24
  },
  "trial_count": 5,
  "trial_hashes": [
    "82cbb0db17d1663d0109e0f436303eea17532af9589e74e98ae4fe2bec1c9d3f",
    "4b2fa31b5c7df4feb745812f51a42218cb7b2ab2591f0b145c92491cc844d963",
    "4f9693a05c5df4de6efb1db30284b8924a9718d8b115df4e73688978dac5170a",
    "2b83f9ffded68ca67878a64e54437a32174d4622271ebed51ab15ed3180f7dfe",
    "b8ed6fb2b7238cd62c6951a17c67c1e54434420a989e24016eabb16482080a88"
  ],
  "trial_sha256": "b8ed6fb2b7238cd62c6951a17c67c1e54434420a989e24016eabb16482080a88"
}
