{
  "decision": {
    "action": "accept",
    "diagnostics": {
      "configured_reserved_cpus": 3.0,
      "maximum_load_one": 16.45947265625,
      "mean_busy_cpu_equivalents": 20.929834594470826
    },
    "marginal_throughput_efficiency_ratio": -0.38126533935394913,
    "reason": "marginal_throughput_gain_is_insufficient",
    "selected_workers": 24,
    "workers": null
  },
  "host_gate": {
    "logical_cpus": 32,
    "memory_bytes": 67418746880,
    "storage_free_bytes": 89072132096,
    "storage_total_bytes": 102888095744
  },
  "profile_id": "ferdowsi-32c64g-100gb-v1",
  "protocol_id": "FINAL-5J-v1",
  "purpose": "worker_autotune_engineering_v1",
  "schema_version": 1,
  "scientific_evidence": false,
  "trial": {
    "cpu": {
      "maximum_load_one": 16.45947265625,
      "mean_busy_percent": 65.40573310772133,
      "mean_iowait_percent": 0.5397983869053724,
      "mean_load_one": 11.914142546106557,
      "p95_busy_percent": 82.78021289918597,
      "p95_iowait_percent": 1.4366021236727045,
      "p95_load_one": 16.45947265625
    },
    "host": {
      "logical_cpus": 32,
      "sampling_interval_seconds": 1.0
    },
    "memory": {
      "max_worker_rss_bytes": 178786304,
      "minimum_available_bytes": 63078039552,
      "p95_worker_rss_bytes": 162107392,
      "rss_observation_count": 200
    },
    "protocol_id": "FINAL-5J-v1",
    "schema_version": 1,
    "status": "complete",
    "storage": {
      "cache_dir": "/srv/ctsteg/engineering/control-cache-32c64g-v1/workers-27-trial-01",
      "minimum_free_bytes": 88999579648,
      "run_dir": "/srv/ctsteg/engineering/control-runs-32c64g-v1/workers-27-trial-01"
    },
    "swap": {
      "io_bytes": 0,
      "maximum_used_bytes": 0
    },
    "task_selection_sha256": "cc93456f961e5db3dd2e179206e4764a79515ce7a47e00a8e2d7af04773a545c",
    "tasks": {
      "completed": 200,
      "embedding": {
        "completed": 40,
        "failed": 0,
        "planned": 40
      },
      "evaluation": {
        "completed": 160,
        "failed": 0,
        "planned": 160
      },
      "oom_events": 0,
      "operational_failures": 0,
      "planned": 200
    },
    "timing": {
      "combined_tasks_per_hour": 12101.06544218761,
      "embedding_tasks_per_hour": 2420.213088437522,
      "evaluation_tasks_per_hour": 9680.852353750088,
      "wall_seconds": 59.49889317099996
    },
    "trial_sha256": "2b83f9ffded68ca67878a64e54437a32174d4622271ebed51ab15ed3180f7dfe",
    "workers": 27
  },
  "trial_count": 4,
  "trial_hashes": [
    "82cbb0db17d1663d0109e0f436303eea17532af9589e74e98ae4fe2bec1c9d3f",
    "4b2fa31b5c7df4feb745812f51a42218cb7b2ab2591f0b145c92491cc844d963",
    "4f9693a05c5df4de6efb1db30284b8924a9718d8b115df4e73688978dac5170a",
    "2b83f9ffded68ca67878a64e54437a32174d4622271ebed51ab15ed3180f7dfe"
  ],
  "trial_sha256": "2b83f9ffded68ca67878a64e54437a32174d4622271ebed51ab15ed3180f7dfe"
}
